// Jest Snapshot v1, https://goo.gl/fbAQLP

exports[`Header Should rebder header when it is rendered 1`] = `
<DocumentFragment>
  <div
    class="body padding"
  >
    <h1>
      The Artifact
    </h1>
    <h2>
      <i>
        Culture & Art blog
      </i>
    </h2>
    <div
      class="nav"
    >
      <ul>
        <li>
          Blog
        </li>
        <li>
          About
        </li>
        <li>
          Contact
        </li>
      </ul>
    </div>
  </div>
</DocumentFragment>
`;
